Command: D:\Espressif\python_env\idf6.1_py3.13_env\Scripts\python.exe D:\Espressif\esp-idf\tools/idf_monitor.py -p COM5 -b 115200 --toolchain-prefix xtensa-esp32-elf- --target esp32 --revision 0 D:\Espressif\workspace\espnow_conn_test\build\espnow_conn_test.elf D:\Espressif\workspace\espnow_conn_test\build\bootloader\bootloader.elf --force-color -m 'D:\Espressif\python_env\idf6.1_py3.13_env\Scripts\python.exe' 'D:\Espressif\esp-idf\tools\idf.py'
0x1 (POWERON_RESET),boot:0x13 (SPI_FAST_FLASH_BOOT)
configsip: 0, SPIWP:0xï¿½ets Jul 29 2019 12:21:46

rst:0x1 (POWERON_RESET),boot:0x13 (SPI_FAST_FLASH_BOOT)
configsip: 0, SPIWP:0xee
clk_drv:0x00,q_drv:0x00,d_drv:0x00,cs0_drv:0x00,hd_drv:0x00,wp_drv:0x00
mode:DIO, clock div:2
load:0x3fff0040,len:6376
load:0x40078000,len:15900
ho 0 tail 12 room 4
load:0x40080400,len:3920
entry 0x40080644
[0;32mI (29) boot: ESP-IDF v6.1-dev-786-g130fdc7ce7 2nd stage bootloader[0m
[0;32mI (29) boot: compile time Jan 11 2026 13:38:55[0m
[0;32mI (29) boot: Multicore bootloader[0m
[0;32mI (32) boot: chip revision: v3.1[0m
[0;32mI (35) boot.esp32: SPI Speed      : 40MHz[0m
[0;32mI (39) boot.esp32: SPI Mode       : DIO[0m
[0;32mI (42) boot.esp32: SPI Flash Size : 2MB[0m
[0;32mI (46) boot: Enabling RNG early entropy source...[0m
[0;32mI (50) boot: Partition Table:[0m
[0;32mI (53) boot: ## Label            Usage          Type ST Offset   Length[0m
[0;32mI (59) boot:  0 nvs              WiFi data        01 02 00009000 00006000[0m
[0;32mI (66) boot:  1 phy_init         RF data          01 01 0000f000 00001000[0m
[0;32mI (72) boot:  2 factory          factory app      00 00 00010000 00100000[0m
[0;32mI (79) boot: End of partition table[0m
[0;32mI (82) esp_image: segment 0: paddr=00010020 vaddr=3f400020 size=17ba8h ( 97192) map[0m
[0;32mI (124) esp_image: segment 1: paddr=00027bd0 vaddr=3ffb0000 size=04124h ( 16676) load[0m
[0;32mI (131) esp_image: segment 2: paddr=0002bcfc vaddr=40080000 size=0431ch ( 17180) load[0m
[0;32mI (138) esp_image: segment 3: paddr=00030020 vaddr=400d0020 size=800a0h (524448) map[0m
[0;32mI (325) esp_image: segment 4: paddr=000b00c8 vaddr=4008431c size=1111ch ( 69916) load[0m
[0;32mI (354) esp_image: segment 5: paddr=000c11ec vaddr=50000000 size=00028h (    40) load[0m
[0;32mI (365) boot: Loaded app from partition at offset 0x10000[0m
[0;32mI (365) boot: Disabling RNG early entropy source...[0m
[0;32mI (376) cpu_start: Multicore app[0m
[0;32mI (384) cpu_start: GPIO 3 and 1 are used as console UART I/O pins[0m
[0;32mI (384) cpu_start: Pro cpu start user code[0m
[0;32mI (384) cpu_start: cpu freq: 160000000 Hz[0m
[0;32mI (386) app_init: Application information:[0m
[0;32mI (390) app_init: Project name:     espnow_conn_test[0m
[0;32mI (394) app_init: App version:      1[0m
[0;32mI (398) app_init: Compile time:     Jan 11 2026 13:34:59[0m
[0;32mI (403) app_init: ELF file SHA256:  7dd6ea924...[0m
[0;32mI (407) app_init: ESP-IDF:          v6.1-dev-786-g130fdc7ce7[0m
[0;32mI (412) efuse_init: Min chip rev:     v0.0[0m
[0;32mI (416) efuse_init: Max chip rev:     v3.99 [0m
[0;32mI (420) efuse_init: Chip rev:         v3.1[0m
[0;32mI (424) heap_init: Initializing. RAM available for dynamic allocation:[0m
[0;32mI (431) heap_init: At 3FFAE6E0 len 00001920 (6 KiB): DRAM[0m
[0;32mI (435) heap_init: At 3FFB8548 len 00027AB8 (158 KiB): DRAM[0m
[0;32mI (441) heap_init: At 3FFE0440 len 00003AE0 (14 KiB): D/IRAM[0m
[0;32mI (446) heap_init: At 3FFE4350 len 0001BCB0 (111 KiB): D/IRAM[0m
[0;32mI (452) heap_init: At 40095438 len 0000ABC8 (42 KiB): IRAM[0m
[0;33mW (458) spi_flash: Detected boya flash chip but using generic driver. For optimal functionality, enable `SPI_FLASH_SUPPORT_BOYA_CHIP` in menuconfig[0m
[0;32mI (470) spi_flash: detected chip: generic[0m
[0;32mI (473) spi_flash: flash io: dio[0m
[0;33mW (476) spi_flash: Detected size(4096k) larger than the size in the binary image header(2048k). Using the size in the binary image header.[0m
[0;32mI (490) main_task: Started on CPU0[0m
[0;32mI (500) main_task: Calling app_main()[0m
Start of mainW (500) ESP-NOW: STARTING ESP-NOW...

assert failed: xEventGroupClearBits event_groups.c:496 (xEventGroup)


Backtrace: 0x400896ad:0x3ffba690 0x40089675:0x3ffba6b0 0x40089385:0x3ffba6d0 0x4014bee9:0x3ffba7f0 0x400d942c:0x3ffba810 0x400d39ba:0x3ffba840 0x4014c10a:0x3ffba870




ELF file SHA256: 7dd6ea924

Rebooting...
ets Jul 29 2019 12:21:46

rst:0xc (SW_CPU_RESET),boot:0x13 (SPI_FAST_FLASH_BOOT)
configsip: 0, SPIWP:0xee
clk_drv:0x00,q_drv:0x00,d_drv:0x00,cs0_drv:0x00,hd_drv:0x00,wp_drv:0x00
mode:DIO, clock div:2
load:0x3fff0040,len:6376
load:0x40078000,len:15900
ho 0 tail 12 room 4
load:0x40080400,len:3920
entry 0x40080644
[0;32mI (29) boot: ESP-IDF v6.1-dev-786-g130fdc7ce7 2nd stage bootloader[0m
[0;32mI (29) boot: compile time Jan 11 2026 13:38:55[0m
[0;32mI (29) boot: Multicore bootloader[0m
[0;32mI (32) boot: chip revision: v3.1[0m
[0;32mI (35) boot.esp32: SPI Speed      : 40MHz[0m
[0;32mI (39) boot.esp32: SPI Mode       : DIO[0m
[0;32mI (42) boot.esp32: SPI Flash Size : 2MB[0m
[0;32mI (46) boot: Enabling RNG early entropy source...[0m
[0;32mI (50) boot: Partition Table:[0m
[0;32mI (53) boot: ## Label            Usage          Type ST Offset   Length[0m
[0;32mI (59) boot:  0 nvs              WiFi data        01 02 00009000 00006000[0m
[0;32mI (66) boot:  1 phy_init         RF data          01 01 0000f000 00001000[0m
[0;32mI (72) boot:  2 factory          factory app      00 00 00010000 00100000[0m
[0;32mI (79) boot: End of partition table[0m
[0;32mI (82) esp_image: segment 0: paddr=00010020 vaddr=3f400020 size=17ba8h ( 97192) map[0m
[0;32mI (124) esp_image: segment 1: paddr=00027bd0 vaddr=3ffb0000 size=04124h ( 16676) load[0m
[0;32mI (131) esp_image: segment 2: paddr=0002bcfc vaddr=40080000 size=0431ch ( 17180) load[0m
[0;32mI (138) esp_image: segment 3: paddr=00030020 vaddr=400d0020 size=800a0h (524448) map[0m
[0;32mI (325) esp_image: segment 4: paddr=000b00c8 vaddr=4008431c size=1111ch ( 69916) load[0m
[0;32mI (354) esp_image: segment 5: paddr=000c11ec vaddr=50000000 size=00028h (    40) load[0m
[0;32mI (365) boot: Loaded app from partition at offset 0x10000[0m
[0;32mI (365) boot: Disabling RNG early entropy source...[0m
[0;32mI (375) cpu_start: Multicore app[0m
[0;32mI (384) cpu_start: GPIO 3 and 1 are used as console UART I/O pins[0m
[0;32mI (384) cpu_start: Pro cpu start user code[0m
[0;32mI (384) cpu_start: cpu freq: 160000000 Hz[0m
[0;32mI (386) app_init: Application information:[0m
[0;32mI (390) app_init: Project name:     espnow_conn_test[0m
[0;32mI (394) app_init: App version:      1[0m
[0;32mI (398) app_init: Compile time:     Jan 11 2026 13:34:59[0m
[0;32mI (403) app_init: ELF file SHA256:  7dd6ea924...[0m
[0;32mI (407) app_init: ESP-IDF:          v6.1-dev-786-g130fdc7ce7[0m
[0;32mI (412) efuse_init: Min chip rev:     v0.0[0m
[0;32mI (416) efuse_init: Max chip rev:     v3.99 [0m
[0;32mI (420) efuse_init: Chip rev:         v3.1[0m
[0;32mI (424) heap_init: Initializing. RAM available for dynamic allocation:[0m
[0;32mI (430) heap_init: At 3FFAE6E0 len 00001920 (6 KiB): DRAM[0m
[0;32mI (435) heap_init: At 3FFB8548 len 00027AB8 (158 KiB): DRAM[0m
[0;32mI (441) heap_init: At 3FFE0440 len 00003AE0 (14 KiB): D/IRAM[0m
[0;32mI (446) heap_init: At 3FFE4350 len 0001BCB0 (111 KiB): D/IRAM[0m
[0;32mI (452) heap_init: At 40095438 len 0000ABC8 (42 KiB): IRAM[0m
[0;33mW (458) spi_flash: Detected boya flash chip but using generic driver. For optimal functionality, enable `SPI_FLASH_SUPPORT_BOYA_CHIP` in menuconfig[0m
[0;32mI (470) spi_flash: detected chip: generic[0m
[0;32mI (473) spi_flash: flash io: dio[0m
[0;33mW (476) spi_flash: Detected size(4096k) larger than the size in the binary image header(2048k). Using the size in the binary image header.[0m
[0;32mI (490) main_task: Started on CPU0[0m
[0;32mI (500) main_task: Calling app_main()[0m
Start of mainW (500) ESP-NOW: STARTING ESP-NOW...

assert failed: xEventGroupClearBits event_groups.c:496 (xEventGroup)


Backtrace: 0x400896ad:0x3ffba690 0x40089675:0x3ffba6b0 0x40089385:0x3ffba6d0 0x4014bee9:0x3ffba7f0 0x400d942c:0x3ffba810 0x400d39ba:0x3ffba840 0x4014c10a:0x3ffba870




ELF file SHA256: 7dd6ea924

Rebooting...
ets Jul 29 2019 12:21:46

rst:0xc (SW_CPU_RESET),boot:0x13 (SPI_FAST_FLASH_BOOT)
configsip: 0, SPIWP:0xee
clk_drv:0x00,q_drv:0x00,d_drv:0x00,cs0_drv:0x00,hd_drv:0x00,wp_drv:0x00
mode:DIO, clock div:2
load:0x3fff0040,len:6376
load:0x40078000,len:15900
ho 0 tail 12 room 4
load:0x40080400,len:3920
entry 0x40080644
[0;32mI (29) boot: ESP-IDF v6.1-dev-786-g130fdc7ce7 2nd stage bootloader[0m
[0;32mI (29) boot: compile time Jan 11 2026 13:38:55[0m
[0;32mI (29) boot: Multicore bootloader[0m
[0;32mI (32) boot: chip revision: v3.1[0m
[0;32mI (35) boot.esp32: SPI Speed      : 40MHz[0m
[0;32mI (39) boot.esp32: SPI Mode       : DIO[0m
[0;32mI (42) boot.esp32: SPI Flash Size : 2MB[0m
[0;32mI (46) boot: Enabling RNG early entropy source...[0m
[0;32mI (50) boot: Partition Table:[0m
[0;32mI (53) boot: ## Label            Usage          Type ST Offset   Length[0m
[0;32mI (59) boot:  0 nvs              WiFi data        01 02 00009000 00006000[0m
[0;32mI (66) boot:  1 phy_init         RF data          01 01 0000f000 00001000[0m
[0;32mI (72) boot:  2 factory          factory app      00 00 00010000 00100000[0m
[0;32mI (79) boot: End of partition table[0m
[0;32mI (82) esp_image: segment 0: paddr=00010020 vaddr=3f400020 size=17ba8h ( 97192) map[0m
[0;32mI (124) esp_image: segment 1: paddr=00027bd0 vaddr=3ffb0000 size=04124h ( 16676) load[0m
[0;32mI (131) esp_image: segment 2: paddr=0002bcfc vaddr=40080000 size=0431ch ( 17180) load[0m
[0;32mI (138) esp_image: segment 3: paddr=00030020 vaddr=400d0020 size=800a0h (524448) map[0m
[0;32mI (325) esp_image: segment 4: paddr=000b00c8 vaddr=4008431c size=1111ch ( 69916) load[0m
[0;32mI (354) esp_image: segment 5: paddr=000c11ec vaddr=50000000 size=00028h (    40) load[0m
[0;32mI (365) boot: Loaded app from partition at offset 0x10000[0m
[0;32mI (365) boot: Disabling RNG early entropy source...[0m
[0;32mI (375) cpu_start: Multicore app[0m
[0;32mI (384) cpu_start: GPIO 3 and 1 are used as console UART I/O pins[0m
[0;32mI (384) cpu_start: Pro cpu start user code[0m
[0;32mI (384) cpu_start: cpu freq: 160000000 Hz[0m
[0;32mI (386) app_init: Application information:[0m
[0;32mI (390) app_init: Project name:     espnow_conn_test[0m
[0;32mI (394) app_init: App version:      1[0m
[0;32mI (398) app_init: Compile time:     Jan 11 2026 13:34:59[0m
[0;32mI (403) app_init: ELF file SHA256:  7dd6ea924...[0m
[0;32mI (407) app_init: ESP-IDF:          v6.1-dev-786-g130fdc7ce7[0m
[0;32mI (412) efuse_init: Min chip rev:     v0.0[0m
[0;32mI (416) efuse_init: Max chip rev:     v3.99 [0m
[0;32mI (420) efuse_init: Chip rev:         v3.1[0m
[0;32mI (424) heap_init: Initializing. RAM available for dynamic allocation:[0m
[0;32mI (430) heap_init: At 3FFAE6E0 len 00001920 (6 KiB): DRAM[0m
[0;32mI (435) heap_init: At 3FFB8548 len 00027AB8 (158 KiB): DRAM[0m
[0;32mI (441) heap_init: At 3FFE0440 len 00003AE0 (14 KiB): D/IRAM[0m
[0;32mI (446) heap_init: At 3FFE4350 len 0001BCB0 (111 KiB): D/IRAM[0m
[0;32mI (452) heap_init: At 40095438 len 0000ABC8 (42 KiB): IRAM[0m
[0;33mW (458) spi_flash: Detected boya flash chip but using generic driver. For optimal functionality, enable `SPI_FLASH_SUPPORT_BOYA_CHIP` in menuconfig[0m
[0;32mI (470) spi_flash: detected chip: generic[0m
[0;32mI (473) spi_flash: flash io: dio[0m
[0;33mW (476) spi_flash: Detected size(4096k) larger than the size in the binary image header(2048k). Using the size in the binary image header.[0m
[0;32mI (490) main_task: Started on CPU0[0m
[0;32mI (500) main_task: Calling app_main()[0m
Start of mainW (500) ESP-NOW: STARTING ESP-NOW...

assert failed: xEventGroupClearBits event_groups.c:496 (xEventGroup)


Backtrace: 0x400896ad:0x3ffba690 0x40089675:0x3ffba6b0 0x40089385:0x3ffba6d0 0x4014bee9:0x3ffba7f0 0x400d942c:0x3ffba810 0x400d39ba:0x3ffba840 0x4014c10a:0x3ffba870




ELF file SHA256: 7dd6ea924

Rebooting...
ets Jul 29 2019 12:21:46

rst:0xc (SW_CPU_RESET),boot:0x13 (SPI_FAST_FLASH_BOOT)
configsip: 0, SPIWP:0xee
clk_drv:0x00,q_drv:0x00,d_drv:0x00,cs0_drv:0x00,hd_drv:0x00,wp_drv:0x00
mode:DIO, clock div:2
load:0x3fff0040,len:6376
load:0x40078000,len:15900
ho 0 tail 12 room 4
load:0x40080400,len:3920
entry 0x40080644
[0;32mI (29) boot: ESP-IDF v6.1-dev-786-g130fdc7ce7 2nd stage bootloader[0m
[0;32mI (29) boot: compile time Jan 11 2026 13:38:55[0m
[0;32mI (29) boot: Multicore bootloader[0m
[0;32mI (32) boot: chip revision: v3.1[0m
[0;32mI (35) boot.esp32: SPI Speed      : 40MHz[0m
[0;32mI (39) boot.esp32: SPI Mode       : DIO[0m
[0;32mI (42) boot.esp32: SPI Flash Size : 2MB[0m
[0;32mI (46) boot: Enabling RNG early entropy source...[0m
[0;32mI (50) boot: Partition Table:[0m
[0;32mI (53) boot: ## Label            Usage          Type ST Offset   Length[0m
[0;32mI (59) boot:  0 nvs              WiFi data        01 02 00009000 00006000[0m
[0;32mI (66) boot:  1 phy_init         RF data          01 01 0000f000 00001000[0m
[0;32mI (72) boot:  2 factory          factory app      00 00 00010000 00100000[0m
[0;32mI (79) boot: End of partition table[0m
[0;32mI (82) esp_image: segment 0: paddr=00010020 vaddr=3f400020 size=17ba8h ( 97192) map[0m
[0;32mI (124) esp_image: segment 1: paddr=00027bd0 vaddr=3ffb0000 size=04124h ( 16676) load[0m
[0;32mI (131) esp_image: segment 2: paddr=0002bcfc vaddr=40080000 size=0431ch ( 17180) load[0m
[0;32mI (138) esp_image: segment 3: paddr=00030020 vaddr=400d0020 size=800a0h (524448) map[0m
[0;32mI (325) esp_image: segment 4: paddr=000b00c8 vaddr=4008431c size=1111ch ( 69916) load[0m
[0;32mI (354) esp_image: segment 5: paddr=000c11ec vaddr=50000000 size=00028h (    40) load[0m
[0;32mI (365) boot: Loaded app from partition at offset 0x10000[0m
[0;32mI (365) boot: Disabling RNG early entropy source...[0m
[0;32mI (375) cpu_start: Multicore app[0m
[0;32mI (384) cpu_start: GPIO 3 and 1 are used as console UART I/O pins[0m
[0;32mI (384) cpu_start: Pro cpu start user code[0m
[0;32mI (384) cpu_start: cpu freq: 160000000 Hz[0m
[0;32mI (386) app_init: Application information:[0m
[0;32mI (390) app_init: Project name:     espnow_conn_test[0m
[0;32mI (394) app_init: App version:      1[0m
[0;32mI (398) app_init: Compile time:     Jan 11 2026 13:34:59[0m
[0;32mI (403) app_init: ELF file SHA256:  7dd6ea924...[0m
[0;32mI (407) app_init: ESP-IDF:          v6.1-dev-786-g130fdc7ce7[0m
[0;32mI (412) efuse_init: Min chip rev:     v0.0[0m
[0;32mI (416) efuse_init: Max chip rev:     v3.99 [0m
[0;32mI (420) efuse_init: Chip rev:         v3.1[0m
[0;32mI (424) heap_init: Initializing. RAM available for dynamic allocation:[0m
[0;32mI (430) heap_init: At 3FFAE6E0 len 00001920 (6 KiB): DRAM[0m
[0;32mI (435) heap_init: At 3FFB8548 len 00027AB8 (158 KiB): DRAM[0m
[0;32mI (441) heap_init: At 3FFE0440 len 00003AE0 (14 KiB): D/IRAM[0m
[0;32mI (446) heap_init: At 3FFE4350 len 0001BCB0 (111 KiB): D/IRAM[0m
[0;32mI (452) heap_init: At 40095438 len 0000ABC8 (42 KiB): IRAM[0m
[0;33mW (458) spi_flash: Detected boya flash chip but using generic driver. For optimal functionality, enable `SPI_FLASH_SUPPORT_BOYA_CHIP` in menuconfig[0m
[0;32mI (470) spi_flash: detected chip: generic[0m
[0;32mI (473) spi_flash: flash io: dio[0m
[0;33mW (476) spi_flash: Detected size(4096k) larger than the size in the binary image header(2048k). Using the size in the binary image header.[0m
[0;32mI (490) main_task: Started on CPU0[0m
[0;32mI (500) main_task: Calling app_main()[0m
Start of mainW (500) ESP-NOW: STARTING ESP-NOW...

assert failed: xEventGroupClearBits event_groups.c:496 (xEventGroup)


Backtrace: 0x400896ad:0x3ffba690 0x40089675:0x3ffba6b0 0x40089385:0x3ffba6d0 0x4014bee9:0x3ffba7f0 0x400d942c:0x3ffba810 0x400d39ba:0x3ffba840 0x4014c10a:0x3ffba870




ELF file SHA256: 7dd6ea924

Rebooting...
ets Jul 29 2019 12:21:46

rst:0xc (SW_CPU_RESET),boot:0x13 (SPI_FAST_FLASH_BOOT)
configsip: 0, SPIWP:0xee
clk_drv:0x00,q_drv:0x00,d_drv:0x00,cs0_drv:0x00,hd_drv:0x00,wp_drv:0x00
mode:DIO, clock div:2
load:0x3fff0040,len:6376
load:0x40078000,len:15900
ho 0 tail 12 room 4
load:0x40080400,len:3920
entry 0x40080644
[0;32mI (29) boot: ESP-IDF v6.1-dev-786-g130fdc7ce7 2nd stage bootloader[0m
[0;32mI (29) boot: compile time Jan 11 2026 13:38:55[0m
[0;32mI (29) boot: Multicore bootloader[0m
[0;32mI (32) boot: chip revision: v3.1[0m
[0;32mI (35) boot.esp32: SPI Speed      : 40MHz[0m
[0;32mI (39) boot.esp32: SPI Mode       : DIO[0m
[0;32mI (42) boot.esp32: SPI Flash Size : 2MB[0m
[0;32mI (46) boot: Enabling RNG early entropy source...[0m
[0;32mI (50) boot: Partition Table:[0m
[0;32mI (53) boot: ## Label            Usage          Type ST Offset   Length[0m
[0;32mI (59) boot:  0 nvs              WiFi data        01 02 00009000 00006000[0m
[0;32mI (66) boot:  1 phy_init         RF data          01 01 0000f000 00001000[0m
[0;32mI (72) boot:  2 factory          factory app      00 00 00010000 00100000[0m
[0;32mI (79) boot: End of partition table[0m
[0;32mI (82) esp_image: segment 0: paddr=00010020 vaddr=3f400020 size=17ba8h ( 97192) map[0m
[0;32mI (124) esp_image: segment 1: paddr=00027bd0 vaddr=3ffb0000 size=04124h ( 16676) load[0m
[0;32mI (131) esp_image: segment 2: paddr=0002bcfc vaddr=40080000 size=0431ch ( 17180) load[0m
[0;32mI (138) esp_image: segment 3: paddr=00030020 vaddr=400d0020 size=800a0h (524448) map[0m
[0;32mI (325) esp_image: segment 4: paddr=000b00c8 vaddr=4008431c size=1111ch ( 69916) load[0m
[0;32mI (354) esp_image: segment 5: paddr=000c11ec vaddr=50000000 size=00028h (    40) load[0m
[0;32mI (365) boot: Loaded app from partition at offset 0x10000[0m
[0;32mI (365) boot: Disabling RNG early entropy source...[0m
[0;32mI (375) cpu_start: Multicore app[0m
[0;32mI (384) cpu_start: GPIO 3 and 1 are used as console UART I/O pins[0m
[0;32mI (384) cpu_start: Pro cpu start user code[0m
[0;32mI (384) cpu_start: cpu freq: 160000000 Hz[0m
[0;32mI (386) app_init: Application information:[0m
[0;32mI (390) app_init: Project name:     espnow_conn_test[0m
[0;32mI (394) app_init: App version:      1[0m
[0;32mI (398) app_init: Compile time:     Jan 11 2026 13:34:59[0m
[0;32mI (403) app_init: ELF file SHA256:  7dd6ea924...[0m
[0;32mI (407) app_init: ESP-IDF:          v6.1-dev-786-g130fdc7ce7[0m
[0;32mI (412) efuse_init: Min chip rev:     v0.0[0m
[0;32mI (416) efuse_init: Max chip rev:     v3.99 [0m
[0;32mI (420) efuse_init: Chip rev:         v3.1[0m
[0;32mI (424) heap_init: Initializing. RAM available for dynamic allocation:[0m
[0;32mI (430) heap_init: At 3FFAE6E0 len 00001920 (6 KiB): DRAM[0m
[0;32mI (435) heap_init: At 3FFB8548 len 00027AB8 (158 KiB): DRAM[0m
[0;32mI (441) heap_init: At 3FFE0440 len 00003AE0 (14 KiB): D/IRAM[0m
[0;32mI (446) heap_init: At 3FFE4350 len 0001BCB0 (111 KiB): D/IRAM[0m
[0;32mI (452) heap_init: At 40095438 len 0000ABC8 (42 KiB): IRAM[0m
[0;33mW (458) spi_flash: Detected boya flash chip but using generic driver. For optimal functionality, enable `SPI_FLASH_SUPPORT_BOYA_CHIP` in menuconfig[0m
[0;32mI (470) spi_flash: detected chip: generic[0m
[0;32mI (473) spi_flash: flash io: dio[0m
[0;33mW (476) spi_flash: Detected size(4096k) larger than the size in the binary image header(2048k). Using the size in the binary image header.[0m
[0;32mI (490) main_task: Started on CPU0[0m
[0;32mI (500) main_task: Calling app_main()[0m
Start of mainW (500) ESP-NOW: STARTING ESP-NOW...

assert failed: xEventGroupClearBits event_groups.c:496 (xEventGroup)


Backtrace: 0x400896ad:0x3ffba690 0x40089675:0x3ffba6b0 0x40089385:0x3ffba6d0 0x4014bee9:0x3ffba7f0 0x400d942c:0x3ffba810 0x400d39ba:0x3ffba840 0x4014c10a:0x3ffba870




ELF file SHA256: 7dd6ea924

Rebooting...
ets Jul 29 2019 12:21:46

rst:0xc (SW_CPU_RESET),boot:0x13 (SPI_FAST_FLASH_BOOT)
configsip: 0, SPIWP:0xee
clk_drv:0x00,q_drv:0x00,d_drv:0x00,cs0_drv:0x00,hd_drv:0x00,wp_drv:0x00
mode:DIO, clock div:2
load:0x3fff0040,len:6376
load:0x40078000,len:15900
ho 0 tail 12 room 4
load:0x40080400,len:3920
entry 0x40080644
[0;32mI (29) boot: ESP-IDF v6.1-dev-786-g130fdc7ce7 2nd stage bootloader[0m
[0;32mI (29) boot: compile time Jan 11 2026 13:38:55[0m
[0;32mI (29) boot: Multicore bootloader[0m
[0;32mI (32) boot: chip revision: v3.1[0m
[0;32mI (35) boot.esp32: SPI Speed      : 40MHz[0m
[0;32mI (39) boot.esp32: SPI Mode       : DIO[0m
[0;32mI (42) boot.esp32: SPI Flash Size : 2MB[0m
[0;32mI (46) boot: Enabling RNG early entropy source...[0m
[0;32mI (50) boot: Partition Table:[0m
[0;32mI (53) boot: ## Label            Usage          Type ST Offset   Length[0m
[0;32mI (59) boot:  0 nvs              WiFi data        01 02 00009000 00006000[0m
[0;32mI (66) boot:  1 phy_init         RF data          01 01 0000f000 00001000[0m
[0;32mI (72) boot:  2 factory          factory app      00 00 00010000 00100000[0m
[0;32mI (79) boot: End of partition table[0m
[0;32mI (82) esp_image: segment 0: paddr=00010020 vaddr=3f400020 size=17ba8h ( 97192) map[0m
[0;32mI (124) esp_image: segment 1: paddr=00027bd0 vaddr=3ffb0000 size=04124h ( 16676) load[0m
[0;32mI (131) esp_image: segment 2: paddr=0002bcfc vaddr=40080000 size=0431ch ( 17180) load[0m
[0;32mI (138) esp_image: segment 3: paddr=00030020 vaddr=400d0020 size=800a0h (524448) map[0m
[0;32mI (325) esp_image: segment 4: paddr=000b00c8 vaddr=4008431c size=1111ch ( 69916) load[0m
[0;32mI (354) esp_image: segment 5: paddr=000c11ec vaddr=50000000 size=00028h (    40) load[0m
