Command: D:\Espressif\python_env\idf6.1_py3.13_env\Scripts\python.exe D:\Espressif\esp-idf\tools/idf_monitor.py -p COM5 -b 115200 --toolchain-prefix xtensa-esp32-elf- --target esp32 --revision 0 D:\Espressif\workspace\espnow_conn_test\build\espnow_conn_test.elf D:\Espressif\workspace\espnow_conn_test\build\bootloader\bootloader.elf --force-color -m 'D:\Espressif\python_env\idf6.1_py3.13_env\Scripts\python.exe' 'D:\Espressif\esp-idf\tools\idf.py'
0x1 (POWERON_RESET),boot:0x13 (SPI_FAST_FLASH_BOOT)
configsip: 0, SPIWP:0xeï¿½ets Jul 29 2019 12:21:46

rst:0x1 (POWERON_RESET),boot:0x13 (SPI_FAST_FLASH_BOOT)
configsip: 0, SPIWP:0xee
clk_drv:0x00,q_drv:0x00,d_drv:0x00,cs0_drv:0x00,hd_drv:0x00,wp_drv:0x00
mode:DIO, clock div:2
load:0x3fff0040,len:6376
load:0x40078000,len:15900
ho 0 tail 12 room 4
load:0x40080400,len:3920
entry 0x40080644
[0;32mI (29) boot: ESP-IDF v6.1-dev-786-g130fdc7ce7 2nd stage bootloader[0m
[0;32mI (29) boot: compile time Jan 11 2026 13:38:55[0m
[0;32mI (29) boot: Multicore bootloader[0m
[0;32mI (32) boot: chip revision: v3.1[0m
[0;32mI (35) boot.esp32: SPI Speed      : 40MHz[0m
[0;32mI (39) boot.esp32: SPI Mode       : DIO[0m
[0;32mI (42) boot.esp32: SPI Flash Size : 2MB[0m
[0;32mI (46) boot: Enabling RNG early entropy source...[0m
[0;32mI (50) boot: Partition Table:[0m
[0;32mI (53) boot: ## Label            Usage          Type ST Offset   Length[0m
[0;32mI (59) boot:  0 nvs              WiFi data        01 02 00009000 00006000[0m
[0;32mI (66) boot:  1 phy_init         RF data          01 01 0000f000 00001000[0m
[0;32mI (72) boot:  2 factory          factory app      00 00 00010000 00100000[0m
[0;32mI (79) boot: End of partition table[0m
[0;32mI (82) esp_image: segment 0: paddr=00010020 vaddr=3f400020 size=17e74h ( 97908) map[0m
[0;32mI (124) esp_image: segment 1: paddr=00027e9c vaddr=3ffb0000 size=04124h ( 16676) load[0m
[0;32mI (131) esp_image: segment 2: paddr=0002bfc8 vaddr=40080000 size=04050h ( 16464) load[0m
[0;32mI (138) esp_image: segment 3: paddr=00030020 vaddr=400d0020 size=8059ch (525724) map[0m
[0;32mI (326) esp_image: segment 4: paddr=000b05c4 vaddr=40084050 size=113e8h ( 70632) load[0m
[0;32mI (355) esp_image: segment 5: paddr=000c19b4 vaddr=50000000 size=00028h (    40) load[0m
[0;32mI (366) boot: Loaded app from partition at offset 0x10000[0m
[0;32mI (366) boot: Disabling RNG early entropy source...[0m
[0;32mI (376) cpu_start: Multicore app[0m
[0;32mI (384) cpu_start: GPIO 3 and 1 are used as console UART I/O pins[0m
[0;32mI (385) cpu_start: Pro cpu start user code[0m
[0;32mI (385) cpu_start: cpu freq: 160000000 Hz[0m
[0;32mI (387) app_init: Application information:[0m
[0;32mI (390) app_init: Project name:     espnow_conn_test[0m
[0;32mI (395) app_init: App version:      1[0m
[0;32mI (398) app_init: Compile time:     Jan 11 2026 13:34:59[0m
[0;32mI (403) app_init: ELF file SHA256:  d0ff0d508...[0m
[0;32mI (408) app_init: ESP-IDF:          v6.1-dev-786-g130fdc7ce7[0m
[0;32mI (413) efuse_init: Min chip rev:     v0.0[0m
[0;32mI (417) efuse_init: Max chip rev:     v3.99 [0m
[0;32mI (421) efuse_init: Chip rev:         v3.1[0m
[0;32mI (425) heap_init: Initializing. RAM available for dynamic allocation:[0m
[0;32mI (431) heap_init: At 3FFAE6E0 len 00001920 (6 KiB): DRAM[0m
[0;32mI (436) heap_init: At 3FFB8550 len 00027AB0 (158 KiB): DRAM[0m
[0;32mI (441) heap_init: At 3FFE0440 len 00003AE0 (14 KiB): D/IRAM[0m
[0;32mI (447) heap_init: At 3FFE4350 len 0001BCB0 (111 KiB): D/IRAM[0m
[0;32mI (452) heap_init: At 40095438 len 0000ABC8 (42 KiB): IRAM[0m
[0;33mW (459) spi_flash: Detected boya flash chip but using generic driver. For optimal functionality, enable `SPI_FLASH_SUPPORT_BOYA_CHIP` in menuconfig[0m
[0;32mI (471) spi_flash: detected chip: generic[0m
[0;32mI (474) spi_flash: flash io: dio[0m
[0;33mW (477) spi_flash: Detected size(4096k) larger than the size in the binary image header(2048k). Using the size in the binary image header.[0m
[0;32mI (491) main_task: Started on CPU0[0m
[0;32mI (501) main_task: Calling app_main()[0m
Start of main
[0;33mW (501) ESP-NOW: STARTING ESP-NOW...[0m
[0;33mW (511) ESP-NOW: WAITING FOR ESP-NOW TO START[0m
00
[0;32mI (521) wifi:wifi driver task: 3ffc1bb0, prio:23, stack:6656, core=0[0m
[0;32mI (521) wifi:wifi firmware version: 6a8253a[0m
[0;32mI (521) wifi:wifi certification version: v7.0[0m
[0;32mI (521) wifi:config NVS flash: enabled[0m
[0;32mI (521) wifi:config nano formatting: disabled[0m
[0;32mI (531) wifi:Init data frame dynamic rx buffer num: 32[0m
[0;32mI (531) wifi:Init static rx mgmt buffer num: 5[0m
[0;32mI (541) wifi:Init management short buffer num: 32[0m
[0;32mI (541) wifi:Init dynamic tx buffer num: 32[0m
[0;32mI (551) wifi:Init static rx buffer size: 1600[0m
[0;32mI (551) wifi:Init static rx buffer num: 10[0m
[0;32mI (551) wifi:Init dynamic rx buffer num: 32[0m
[0;32mI (561) wifi_init: rx ba win: 6[0m
[0;32mI (561) wifi_init: accept mbox: 6[0m
[0;32mI (561) wifi_init: tcpip mbox: 32[0m
[0;32mI (571) wifi_init: udp mbox: 6[0m
[0;32mI (571) wifi_init: tcp mbox: 6[0m
[0;32mI (571) wifi_init: tcp tx win: 5760[0m
[0;32mI (581) wifi_init: tcp rx win: 5760[0m
[0;32mI (581) wifi_init: tcp mss: 1440[0m
[0;32mI (581) wifi_init: WiFi IRAM OP enabled[0m
[0;32mI (581) wifi_init: WiFi RX IRAM OP enabled[0m
[0;32mI (591) phy_init: phy_version 4863,a3a4459,Oct 28 2025,14:30:06[0m
[0;32mI (681) wifi:mode : sta (78:1c:3c:f6:d6:cc)[0m
[0;32mI (681) wifi:enable tsf[0m
[0;32mI (681) ESPNOW: espnow [version: 2.0] init[0m
[0;33mW (731) ESP-NOW: ESP-NOW INITIATED SUCCESSFULLY...[0m
[0;33mW (1011) ESP-NOW: STARTING PAIRING MODE AND REGISTER MAC TASK[0m
[0;32mI (1011) RECEIVE: >> Info: Receive task has been started.[0m
[0;32mI (1511) PAIRING: Broadcast packet sent successfully.[0m
[0;32mI (2511) PAIRING: Broadcast packet sent successfully.[0m
10
[0;32mI (3511) PAIRING: Broadcast packet sent successfully.[0m
[0;33mW (1011) ESP-NOW: STARTING PAIRING MODE AND REGISTER MAC TASK[0m
[0;32mI (1011) RECEIVE: >> Info: Receive task has been started.[0m
[0;32mI (1511) PAIRING: Broadcast packet sent successfully.[0m
[0;32mI (1511) RECEIVE: >> Info: something landed in queue_esp_now_recv[0m
[0;33mW (1511) RECEIVE: >> Info: New ACK packet received. Sending this mac to register task.[0m
[0;32mI (2511) PAIRING: Broadcast packet sent successfully.[0m
[0;32mI (2511) REGISTER MAC: >> Data in register mac task.[0m
[0;33mW (2511) REGISTER MAC: A new global address has been added: 00 00 00 00 00 00[0m

assert failed: xTaskGenericNotify tasks.c:5909 (xTaskToNotify)


Backtrace: 0x400896ad:0x3ffc9690 0x40089675:0x3ffc96b0 0x40089385:0x3ffc96d0 0x4014e32a:0x3ffc97f0 0x400d91fa:0x3ffc9810 0x4014c606:0x3ffc98a0




ELF file SHA256: d0ff0d508

Rebooting...
ets Jul 29 2019 12:21:46

rst:0xc (SW_CPU_RESET),boot:0x13 (SPI_FAST_FLASH_BOOT)
configsip: 0, SPIWP:0xee
clk_drv:0x00,q_drv:0x00,d_drv:0x00,cs0_drv:0x00,hd_drv:0x00,wp_drv:0x00
mode:DIO, clock div:2
load:0x3fff0040,len:6376
load:0x40078000,len:15900
ho 0 tail 12 room 4
load:0x40080400,len:3920
entry 0x40080644
[0;32mI (29) boot: ESP-IDF v6.1-dev-786-g130fdc7ce7 2nd stage bootloader[0m
[0;32mI (29) boot: compile time Jan 11 2026 13:38:55[0m
[0;32mI (29) boot: Multicore bootloader[0m
[0;32mI (32) boot: chip revision: v3.1[0m
[0;32mI (35) boot.esp32: SPI Speed      : 40MHz[0m
[0;32mI (39) boot.esp32: SPI Mode       : DIO[0m
[0;32mI (42) boot.esp32: SPI Flash Size : 2MB[0m
[0;32mI (46) boot: Enabling RNG early entropy source...[0m
[0;32mI (50) boot: Partition Table:[0m
[0;32mI (53) boot: ## Label            Usage          Type ST Offset   Length[0m
[0;32mI (59) boot:  0 nvs              WiFi data        01 02 00009000 00006000[0m
[0;32mI (66) boot:  1 phy_init         RF data          01 01 0000f000 00001000[0m
[0;32mI (72) boot:  2 factory          factory app      00 00 00010000 00100000[0m
[0;32mI (79) boot: End of partition table[0m
[0;32mI (82) esp_image: segment 0: paddr=00010020 vaddr=3f400020 size=17e74h ( 97908) map[0m
[0;32mI (124) esp_image: segment 1: paddr=00027e9c vaddr=3ffb0000 size=04124h ( 16676) load[0m
[0;32mI (131) esp_image: segment 2: paddr=0002bfc8 vaddr=40080000 size=04050h ( 16464) load[0m
[0;32mI (138) esp_image: segment 3: paddr=00030020 vaddr=400d0020 size=8059ch (525724) map[0m
[0;32mI (326) esp_image: segment 4: paddr=000b05c4 vaddr=40084050 size=113e8h ( 70632) load[0m
[0;32mI (355) esp_image: segment 5: paddr=000c19b4 vaddr=50000000 size=00028h (    40) load[0m
[0;32mI (365) boot: Loaded app from partition at offset 0x10000[0m
[0;32mI (366) boot: Disabling RNG early entropy source...[0m
[0;32mI (376) cpu_start: Multicore app[0m
[0;32mI (384) cpu_start: GPIO 3 and 1 are used as console UART I/O pins[0m
[0;32mI (384) cpu_start: Pro cpu start user code[0m
[0;32mI (384) cpu_start: cpu freq: 160000000 Hz[0m
[0;32mI (386) app_init: Application information:[0m
[0;32mI (390) app_init: Project name:     espnow_conn_test[0m
[0;32mI (395) app_init: App version:      1[0m
[0;32mI (398) app_init: Compile time:     Jan 11 2026 13:34:59[0m
[0;32mI (403) app_init: ELF file SHA256:  d0ff0d508...[0m
[0;32mI (408) app_init: ESP-IDF:          v6.1-dev-786-g130fdc7ce7[0m
[0;32mI (413) efuse_init: Min chip rev:     v0.0[0m
[0;32mI (417) efuse_init: Max chip rev:     v3.99 [0m
[0;32mI (421) efuse_init: Chip rev:         v3.1[0m
[0;32mI (425) heap_init: Initializing. RAM available for dynamic allocation:[0m
[0;32mI (431) heap_init: At 3FFAE6E0 len 00001920 (6 KiB): DRAM[0m
[0;32mI (436) heap_init: At 3FFB8550 len 00027AB0 (158 KiB): DRAM[0m
[0;32mI (441) heap_init: At 3FFE0440 len 00003AE0 (14 KiB): D/IRAM[0m
[0;32mI (447) heap_init: At 3FFE4350 len 0001BCB0 (111 KiB): D/IRAM[0m
[0;32mI (452) heap_init: At 40095438 len 0000ABC8 (42 KiB): IRAM[0m
[0;33mW (459) spi_flash: Detected boya flash chip but using generic driver. For optimal functionality, enable `SPI_FLASH_SUPPORT_BOYA_CHIP` in menuconfig[0m
[0;32mI (470) spi_flash: detected chip: generic[0m
[0;32mI (474) spi_flash: flash io: dio[0m
[0;33mW (477) spi_flash: Detected size(4096k) larger than the size in the binary image header(2048k). Using the size in the binary image header.[0m
[0;32mI (491) main_task: Started on CPU0[0m
[0;32mI (501) main_task: Calling app_main()[0m
Start of main
[0;33mW (501) ESP-NOW: STARTING ESP-NOW...[0m
[0;33mW (511) ESP-NOW: WAITING FOR ESP-NOW TO START[0m
00
[0;32mI (521) wifi:wifi driver task: 3ffc1bb0, prio:23, stack:6656, core=0[0m
[0;32mI (521) wifi:wifi firmware version: 6a8253a[0m
[0;32mI (521) wifi:wifi certification version: v7.0[0m
[0;32mI (521) wifi:config NVS flash: enabled[0m
[0;32mI (521) wifi:config nano formatting: disabled[0m
[0;32mI (531) wifi:Init data frame dynamic rx buffer num: 32[0m
[0;32mI (531) wifi:Init static rx mgmt buffer num: 5[0m
[0;32mI (541) wifi:Init management short buffer num: 32[0m
[0;32mI (541) wifi:Init dynamic tx buffer num: 32[0m
[0;32mI (551) wifi:Init static rx buffer size: 1600[0m
[0;32mI (551) wifi:Init static rx buffer num: 10[0m
[0;32mI (551) wifi:Init dynamic rx buffer num: 32[0m
[0;32mI (561) wifi_init: rx ba win: 6[0m
[0;32mI (561) wifi_init: accept mbox: 6[0m
[0;32mI (561) wifi_init: tcpip mbox: 32[0m
[0;32mI (571) wifi_init: udp mbox: 6[0m
[0;32mI (571) wifi_init: tcp mbox: 6[0m
[0;32mI (571) wifi_init: tcp tx win: 5760[0m
[0;32mI (581) wifi_init: tcp rx win: 5760[0m
[0;32mI (581) wifi_init: tcp mss: 1440[0m
[0;32mI (581) wifi_init: WiFi IRAM OP enabled[0m
[0;32mI (581) wifi_init: WiFi RX IRAM OP enabled[0m
[0;32mI (591) phy_init: phy_version 4863,a3a4459,Oct 28 2025,14:30:06[0m
[0;32mI (681) wifi:mode : sta (78:1c:3c:f6:d6:cc)[0m
[0;32mI (681) wifi:enable tsf[0m
[0;32mI (691) ESPNOW: espnow [version: 2.0] init[0m
[0;33mW (741) ESP-NOW: ESP-NOW INITIATED SUCCESSFULLY...[0m
[0;33mW (1011) ESP-NOW: STARTING PAIRING MODE AND REGISTER MAC TASK[0m
[0;32mI (1011) RECEIVE: >> Info: Receive task has been started.[0m
[0;32mI (1511) PAIRING: Broadcast packet sent successfully.[0m
[0;32mI (1511) RECEIVE: >> Info: something landed in queue_esp_now_recv[0m
[0;33mW (1511) RECEIVE: >> Info: New ACK packet received. Sending this mac to register task.[0m
[0;32mI (2511) PAIRING: Broadcast packet sent successfully.[0m
[0;32mI (2511) REGISTER MAC: >> Data in register mac task.[0m
[0;33mW (2511) REGISTER MAC: A new global address has been added: 00 00 00 00 00 00[0m

assert failed: xTaskGenericNotify tasks.c:5909 (xTaskToNotify)


Backtrace: 0x400896ad:0x3ffc9690 0x40089675:0x3ffc96b0 0x40089385:0x3ffc96d0 0x4014e32a:0x3ffc97f0 0x400d91fa:0x3ffc9810 0x4014c606:0x3ffc98a0




ELF file SHA256: d0ff0d508

Rebooting...
ets Jul 29 2019 12:21:46

rst:0xc (SW_CPU_RESET),boot:0x13 (SPI_FAST_FLASH_BOOT)
configsip: 0, SPIWP:0xee
clk_drv:0x00,q_drv:0x00,d_drv:0x00,cs0_drv:0x00,hd_drv:0x00,wp_drv:0x00
mode:DIO, clock div:2
load:0x3fff0040,len:6376
load:0x40078000,len:15900
ho 0 tail 12 room 4
load:0x40080400,len:3920
entry 0x40080644
[0;32mI (29) boot: ESP-IDF v6.1-dev-786-g130fdc7ce7 2nd stage bootloader[0m
[0;32mI (29) boot: compile time Jan 11 2026 13:38:55[0m
[0;32mI (29) boot: Multicore bootloader[0m
[0;32mI (32) boot: chip revision: v3.1[0m
[0;32mI (35) boot.esp32: SPI Speed      : 40MHz[0m
[0;32mI (39) boot.esp32: SPI Mode       : DIO[0m
[0;32mI (42) boot.esp32: SPI Flash Size : 2MB[0m
[0;32mI (46) boot: Enabling RNG early entropy source...[0m
[0;32mI (50) boot: Partition Table:[0m
[0;32mI (53) boot: ## Label            Usage          Type ST Offset   Length[0m
[0;32mI (59) boot:  0 nvs              WiFi data        01 02 00009000 00006000[0m
[0;32mI (66) boot:  1 phy_init         RF data          01 01 0000f000 00001000[0m
[0;32mI (72) boot:  2 factory          factory app      00 00 00010000 00100000[0m
[0;32mI (79) boot: End of partition table[0m
[0;32mI (82) esp_image: segment 0: paddr=00010020 vaddr=3f400020 size=17e74h ( 97908) map[0m
[0;32mI (124) esp_image: segment 1: paddr=00027e9c vaddr=3ffb0000 size=04124h ( 16676) load[0m
[0;32mI (131) esp_image: segment 2: paddr=0002bfc8 vaddr=40080000 size=04050h ( 16464) load[0m
[0;32mI (138) esp_image: segment 3: paddr=00030020 vaddr=400d0020 size=8059ch (525724) map[0m
[0;32mI (326) esp_image: segment 4: paddr=000b05c4 vaddr=40084050 size=113e8h ( 70632) load[0m
[0;32mI (355) esp_image: segment 5: paddr=000c19b4 vaddr=50000000 size=00028h (    40) load[0m
[0;32mI (365) boot: Loaded app from partition at offset 0x10000[0m
[0;32mI (366) boot: Disabling RNG early entropy source...[0m
[0;32mI (376) cpu_start: Multicore app[0m
[0;32mI (384) cpu_start: GPIO 3 and 1 are used as console UART I/O pins[0m
[0;32mI (384) cpu_start: Pro cpu start user code[0m
[0;32mI (384) cpu_start: cpu freq: 160000000 Hz[0m
[0;32mI (386) app_init: Application information:[0m
[0;32mI (390) app_init: Project name:     espnow_conn_test[0m
[0;32mI (395) app_init: App version:      1[0m
[0;32mI (398) app_init: Compile time:     Jan 11 2026 13:34:59[0m
[0;32mI (403) app_init: ELF file SHA256:  d0ff0d508...[0m
[0;32mI (408) app_init: ESP-IDF:          v6.1-dev-786-g130fdc7ce7[0m
[0;32mI (413) efuse_init: Min chip rev:     v0.0[0m
[0;32mI (417) efuse_init: Max chip rev:     v3.99 [0m
[0;32mI (421) efuse_init: Chip rev:         v3.1[0m
[0;32mI (425) heap_init: Initializing. RAM available for dynamic allocation:[0m
[0;32mI (431) heap_init: At 3FFAE6E0 len 00001920 (6 KiB): DRAM[0m
[0;32mI (436) heap_init: At 3FFB8550 len 00027AB0 (158 KiB): DRAM[0m
[0;32mI (441) heap_init: At 3FFE0440 len 00003AE0 (14 KiB): D/IRAM[0m
[0;32mI (447) heap_init: At 3FFE4350 len 0001BCB0 (111 KiB): D/IRAM[0m
[0;32mI (452) heap_init: At 40095438 len 0000ABC8 (42 KiB): IRAM[0m
[0;33mW (459) spi_flash: Detected boya flash chip but using generic driver. For optimal functionality, enable `SPI_FLASH_SUPPORT_BOYA_CHIP` in menuconfig[0m
[0;32mI (470) spi_flash: detected chip: generic[0m
[0;32mI (474) spi_flash: flash io: dio[0m
[0;33mW (477) spi_flash: Detected size(4096k) larger than the size in the binary image header(2048k). Using the size in the binary image header.[0m
[0;32mI (491) main_task: Started on CPU0[0m
[0;32mI (501) main_task: Calling app_main()[0m
Start of main
[0;33mW (501) ESP-NOW: STARTING ESP-NOW...[0m
[0;33mW (511) ESP-NOW: WAITING FOR ESP-NOW TO START[0m
00
[0;32mI (521) wifi:wifi driver task: 3ffc1bb0, prio:23, stack:6656, core=0[0m
[0;32mI (521) wifi:wifi firmware version: 6a8253a[0m
[0;32mI (521) wifi:wifi certification version: v7.0[0m
[0;32mI (521) wifi:config NVS flash: enabled[0m
[0;32mI (521) wifi:config nano formatting: disabled[0m
[0;32mI (531) wifi:Init data frame dynamic rx buffer num: 32[0m
[0;32mI (531) wifi:Init static rx mgmt buffer num: 5[0m
[0;32mI (541) wifi:Init management short buffer num: 32[0m
[0;32mI (541) wifi:Init dynamic tx buffer num: 32[0m
[0;32mI (551) wifi:Init static rx buffer size: 1600[0m
[0;32mI (551) wifi:Init static rx buffer num: 10[0m
[0;32mI (551) wifi:Init dynamic rx buffer num: 32[0m
[0;32mI (561) wifi_init: rx ba win: 6[0m
[0;32mI (561) wifi_init: accept mbox: 6[0m
[0;32mI (561) wifi_init: tcpip mbox: 32[0m
[0;32mI (571) wifi_init: udp mbox: 6[0m
[0;32mI (571) wifi_init: tcp mbox: 6[0m
[0;32mI (571) wifi_init: tcp tx win: 5760[0m
[0;32mI (581) wifi_init: tcp rx win: 5760[0m
[0;32mI (581) wifi_init: tcp mss: 1440[0m
[0;32mI (581) wifi_init: WiFi IRAM OP enabled[0m
[0;32mI (581) wifi_init: WiFi RX IRAM OP enabled[0m
[0;32mI (591) phy_init: phy_version 4863,a3a4459,Oct 28 2025,14:30:06[0m
[0;32mI (681) wifi:mode : sta (78:1c:3c:f6:d6:cc)[0m
[0;32mI (681) wifi:enable tsf[0m
[0;32mI (691) ESPNOW: espnow [version: 2.0] init[0m
[0;33mW (741) ESP-NOW: ESP-NOW INITIATED SUCCESSFULLY...[0m
[0;33mW (1011) ESP-NOW: STARTING PAIRING MODE AND REGISTER MAC TASK[0m
[0;32mI (1011) RECEIVE: >> Info: Receive task has been started.[0m
[0;32mI (1511) PAIRING: Broadcast packet sent successfully.[0m
[0;32mI (1511) RECEIVE: >> Info: something landed in queue_esp_now_recv[0m
[0;33mW (1511) RECEIVE: >> Info: New ACK packet received. Sending this mac to register task.[0m
[0;32mI (2511) PAIRING: Broadcast packet sent successfully.[0m
[0;32mI (2511) REGISTER MAC: >> Data in register mac task.[0m
[0;33mW (2511) REGISTER MAC: A new global address has been added: 00 00 00 00 00 00[0m

assert failed: xTaskGenericNotify tasks.c:5909 (xTaskToNotify)


Backtrace: 0x400896ad:0x3ffc9690 0x40089675:0x3ffc96b0 0x40089385:0x3ffc96d0 0x4014e32a:0x3ffc97f0 0x400d91fa:0x3ffc9810 0x4014c606:0x3ffc98a0




ELF file SHA256: d0ff0d508

Rebooting...
ets Jul 29 2019 12:21:46

rst:0xc (SW_CPU_RESET),boot:0x13 (SPI_FAST_FLASH_BOOT)
configsip: 0, SPIWP:0xee
clk_drv:0x00,q_drv:0x00,d_drv:0x00,cs0_drv:0x00,hd_drv:0x00,wp_drv:0x00
mode:DIO, clock div:2
load:0x3fff0040,len:6376
load:0x40078000,len:15900
ho 0 tail 12 room 4
load:0x40080400,len:3920
entry 0x40080644
[0;32mI (29) boot: ESP-IDF v6.1-dev-786-g130fdc7ce7 2nd stage bootloader[0m
[0;32mI (29) boot: compile time Jan 11 2026 13:38:55[0m
[0;32mI (29) boot: Multicore bootloader[0m
[0;32mI (32) boot: chip revision: v3.1[0m
[0;32mI (35) boot.esp32: SPI Speed      : 40MHz[0m
[0;32mI (39) boot.esp32: SPI Mode       : DIO[0m
[0;32mI (42) boot.esp32: SPI Flash Size : 2MB[0m
[0;32mI (46) boot: Enabling RNG early entropy source...[0m
[0;32mI (50) boot: Partition Table:[0m
[0;32mI (53) boot: ## Label            Usage          Type ST Offset   Length[0m
[0;32mI (59) boot:  0 nvs              WiFi data        01 02 00009000 00006000[0m
[0;32mI (66) boot:  1 phy_init         RF data          01 01 0000f000 00001000[0m
[0;32mI (72) boot:  2 factory          factory app      00 00 00010000 00100000[0m
[0;32mI (79) boot: End of partition table[0m
[0;32mI (82) esp_image: segment 0: paddr=00010020 vaddr=3f400020 size=17e74h ( 97908) map[0m
[0;32mI (124) esp_image: segment 1: paddr=00027e9c vaddr=3ffb0000 size=04124h ( 16676) load[0m
[0;32mI (131) esp_image: segment 2: paddr=0002bfc8 vaddr=40080000 size=04050h ( 16464) load[0m
[0;32mI (138) esp_image: segment 3: paddr=00030020 vaddr=400d0020 size=8059ch (525724) map[0m
[0;32mI (326) esp_image: segment 4: paddr=000b05c4 vaddr=40084050 size=113e8h ( 70632) load[0m
[0;32mI (355) esp_image: segment 5: paddr=000c19b4 vaddr=50000000 size=00028h (    40) load[0m
[0;32mI (365) boot: Loaded app from partition at offset 0x10000[0m
[0;32mI (366) boot: Disabling RNG early entropy source...[0m
[0;32mI (376) cpu_start: Multicore app[0m
[0;32mI (384) cpu_start: GPIO 3 and 1 are used as console UART I/O pins[0m
[0;32mI (384) cpu_start: Pro cpu start user code[0m
[0;32mI (384) cpu_start: cpu freq: 160000000 Hz[0m
[0;32mI (386) app_init: Application information:[0m
[0;32mI (390) app_init: Project name:     espnow_conn_test[0m
[0;32mI (395) app_init: App version:      1[0m
[0;32mI (398) app_init: Compile time:     Jan 11 2026 13:34:59[0m
[0;32mI (403) app_init: ELF file SHA256:  d0ff0d508...[0m
[0;32mI (408) app_init: ESP-IDF:          v6.1-dev-786-g130fdc7ce7[0m
[0;32mI (413) efuse_init: Min chip rev:     v0.0[0m
[0;32mI (417) efuse_init: Max chip rev:     v3.99 [0m
[0;32mI (421) efuse_init: Chip rev:         v3.1[0m
[0;32mI (425) heap_init: Initializing. RAM available for dynamic allocation:[0m
[0;32mI (431) heap_init: At 3FFAE6E0 len 00001920 (6 KiB): DRAM[0m
[0;32mI (436) heap_init: At 3FFB8550 len 00027AB0 (158 KiB): DRAM[0m
[0;32mI (441) heap_init: At 3FFE0440 len 00003AE0 (14 KiB): D/IRAM[0m
[0;32mI (447) heap_init: At 3FFE4350 len 0001BCB0 (111 KiB): D/IRAM[0m
[0;32mI (452) heap_init: At 40095438 len 0000ABC8 (42 KiB): IRAM[0m
[0;33mW (459) spi_flash: Detected boya flash chip but using generic driver. For optimal functionality, enable `SPI_FLASH_SUPPORT_BOYA_CHIP` in menuconfig[0m
[0;32mI (470) spi_flash: detected chip: generic[0m
[0;32mI (474) spi_flash: flash io: dio[0m
[0;33mW (477) spi_flash: Detected size(4096k) larger than the size in the binary image header(2048k). Using the size in the binary image header.[0m
[0;32mI (491) main_task: Started on CPU0[0m
[0;32mI (501) main_task: Calling app_main()[0m
Start of main
[0;33mW (501) ESP-NOW: STARTING ESP-NOW...[0m
[0;33mW (511) ESP-NOW: WAITING FOR ESP-NOW TO START[0m
00
[0;32mI (521) wifi:wifi driver task: 3ffc1bb0, prio:23, stack:6656, core=0[0m
[0;32mI (521) wifi:wifi firmware version: 6a8253a[0m
[0;32mI (521) wifi:wifi certification version: v7.0[0m
[0;32mI (521) wifi:config NVS flash: enabled[0m
[0;32mI (521) wifi:config nano formatting: disabled[0m
[0;32mI (531) wifi:Init data frame dynamic rx buffer num: 32[0m
[0;32mI (531) wifi:Init static rx mgmt buffer num: 5[0m
[0;32mI (541) wifi:Init management short buffer num: 32[0m
[0;32mI (541) wifi:Init dynamic tx buffer num: 32[0m
[0;32mI (551) wifi:Init static rx buffer size: 1600[0m
[0;32mI (551) wifi:Init static rx buffer num: 10[0m
[0;32mI (551) wifi:Init dynamic rx buffer num: 32[0m
[0;32mI (561) wifi_init: rx ba win: 6[0m
[0;32mI (561) wifi_init: accept mbox: 6[0m
[0;32mI (561) wifi_init: tcpip mbox: 32[0m
[0;32mI (571) wifi_init: udp mbox: 6[0m
[0;32mI (571) wifi_init: tcp mbox: 6[0m
[0;32mI (571) wifi_init: tcp tx win: 5760[0m
[0;32mI (581) wifi_init: tcp rx win: 5760[0m
[0;32mI (581) wifi_init: tcp mss: 1440[0m
[0;32mI (581) wifi_init: WiFi IRAM OP enabled[0m
[0;32mI (581) wifi_init: WiFi RX IRAM OP enabled[0m
[0;32mI (591) phy_init: phy_version 4863,a3a4459,Oct 28 2025,14:30:06[0m
[0;32mI (681) wifi:mode : sta (78:1c:3c:f6:d6:cc)[0m
[0;32mI (681) wifi:enable tsf[0m
[0;32mI (691) ESPNOW: espnow [version: 2.0] init[0m
[0;33mW (741) ESP-NOW: ESP-NOW INITIATED SUCCESSFULLY...[0m
[0;33mW (1011) ESP-NOW: STARTING PAIRING MODE AND REGISTER MAC TASK[0m
[0;32mI (1011) RECEIVE: >> Info: Receive task has been started.[0m
[0;32mI (1511) PAIRING: Broadcast packet sent successfully.[0m
[0;32mI (1511) RECEIVE: >> Info: something landed in queue_esp_now_recv[0m
[0;33mW (1511) RECEIVE: >> Info: New ACK packet received. Sending this mac to register task.[0m
[0;32mI (2511) PAIRING: Broadcast packet sent successfully.[0m
[0;32mI (2511) REGISTER MAC: >> Data in register mac task.[0m
[0;33mW (2511) REGISTER MAC: A new global address has been added: 00 00 00 00 00 00[0m

assert failed: xTaskGenericNotify tasks.c:5909 (xTaskToNotify)


Backtrace: 0x400896ad:0x3ffc9690 0x40089675:0x3ffc96b0 0x40089385:0x3ffc96d0 0x4014e32a:0x3ffc97f0 0x400d91fa:0x3ffc9810 0x4014c606:0x3ffc98a0




ELF file SHA256: d0ff0d508

Rebooting...
ets Jul 29 2019 12:21:46

rst:0xc (SW_CPU_RESET),boot:0x13 (SPI_FAST_FLASH_BOOT)
configsip: 0, SPIWP:0xee
clk_drv:0x00,q_drv:0x00,d_drv:0x00,cs0_drv:0x00,hd_drv:0x00,wp_drv:0x00
mode:DIO, clock div:2
load:0x3fff0040,len:6376
load:0x40078000,len:15900
ho 0 tail 12 room 4
load:0x40080400,len:3920
entry 0x40080644
[0;32mI (29) boot: ESP-IDF v6.1-dev-786-g130fdc7ce7 2nd stage bootloader[0m
[0;32mI (29) boot: compile time Jan 11 2026 13:38:55[0m
[0;32mI (29) boot: Multicore bootloader[0m
[0;32mI (32) boot: chip revision: v3.1[0m
[0;32mI (35) boot.esp32: SPI Speed      : 40MHz[0m
[0;32mI (39) boot.esp32: SPI Mode       : DIO[0m
[0;32mI (42) boot.esp32: SPI Flash Size : 2MB[0m
[0;32mI (46) boot: Enabling RNG early entropy source...[0m
[0;32mI (50) boot: Partition Table:[0m
[0;32mI (53) boot: ## Label            Usage          Type ST Offset   Length[0m
[0;32mI (59) boot:  0 nvs              WiFi data        01 02 00009000 00006000[0m
[0;32mI (66) boot:  1 phy_init         RF data          01 01 0000f000 00001000[0m
[0;32mI (72) boot:  2 factory          factory app      00 00 00010000 00100000[0m
[0;32mI (79) boot: End of partition table[0m
[0;32mI (82) esp_image: segment 0: paddr=00010020 vaddr=3f400020 size=17e74h ( 97908) map[0m
[0;32mI (124) esp_image: segment 1: paddr=00027e9c vaddr=3ffb0000 size=04124h ( 16676) load[0m
[0;32mI (131) esp_image: segment 2: paddr=0002bfc8 vaddr=40080000 size=04050h ( 16464) load[0m
[0;32mI (138) esp_image: segment 3: paddr=00030020 vaddr=400d0020 size=8059ch (525724) map[0m
[0;32mI (326) esp_image: segment 4: paddr=000b05c4 vaddr=40084050 size=113e8h ( 70632) load[0m
[0;32mI (355) esp_image: segment 5: paddr=000c19b4 vaddr=50000000 size=00028h (    40) load[0m
[0;32mI (365) boot: Loaded app from partition at offset 0x10000[0m
[0;32mI (366) boot: Disabling RNG early entropy source...[0m
[0;32mI (376) cpu_start: Multicore app[0m
[0;32mI (384) cpu_start: GPIO 3 and 1 are used as console UART I/O pins[0m
[0;32mI (384) cpu_start: Pro cpu start user code[0m
[0;32mI (384) cpu_start: cpu freq: 160000000 Hz[0m
[0;32mI (386) app_init: Application information:[0m
[0;32mI (390) app_init: Project name:     espnow_conn_test[0m
[0;32mI (395) app_init: App version:      1[0m
[0;32mI (398) app_init: Compile time:     Jan 11 2026 13:34:59[0m
[0;32mI (403) app_init: ELF file SHA256:  d0ff0d508...[0m
[0;32mI (408) app_init: ESP-IDF:          v6.1-dev-786-g130fdc7ce7[0m
[0;32mI (413) efuse_init: Min chip rev:     v0.0[0m
[0;32mI (417) efuse_init: Max chip rev:     v3.99 [0m
[0;32mI (421) efuse_init: Chip rev:         v3.1[0m
[0;32mI (425) heap_init: Initializing. RAM available for dynamic allocation:[0m
[0;32mI (431) heap_init: At 3FFAE6E0 len 00001920 (6 KiB): DRAM[0m
[0;32mI (436) heap_init: At 3FFB8550 len 00027AB0 (158 KiB): DRAM[0m
[0;32mI (441) heap_init: At 3FFE0440 len 00003AE0 (14 KiB): D/IRAM[0m
[0;32mI (447) heap_init: At 3FFE4350 len 0001BCB0 (111 KiB): D/IRAM[0m
[0;32mI (452) heap_init: At 40095438 len 0000ABC8 (42 KiB): IRAM[0m
[0;33mW (459) spi_flash: Detected boya flash chip but using generic driver. For optimal functionality, enable `SPI_FLASH_SUPPORT_BOYA_CHIP` in menuconfig[0m
[0;32mI (470) spi_flash: detected chip: generic[0m
[0;32mI (474) spi_flash: flash io: dio[0m
[0;33mW (477) spi_flash: Detected size(4096k) larger than the size in the binary image header(2048k). Using the size in the binary image header.[0m
[0;32mI (491) main_task: Started on CPU0[0m
[0;32mI (501) main_task: Calling app_main()[0m
Start of main
[0;33mW (501) ESP-NOW: STARTING ESP-NOW...[0m
[0;33mW (511) ESP-NOW: WAITING FOR ESP-NOW TO START[0m
00
[0;32mI (521) wifi:wifi driver task: 3ffc1bb0, prio:23, stack:6656, core=0[0m
[0;32mI (521) wifi:wifi firmware version: 6a8253a[0m
[0;32mI (521) wifi:wifi certification version: v7.0[0m
[0;32mI (521) wifi:config NVS flash: enabled[0m
[0;32mI (521) wifi:config nano formatting: disabled[0m
[0;32mI (531) wifi:Init data frame dynamic rx buffer num: 32[0m
[0;32mI (531) wifi:Init static rx mgmt buffer num: 5[0m
[0;32mI (541) wifi:Init management short buffer num: 32[0m
[0;32mI (541) wifi:Init dynamic tx buffer num: 32[0m
[0;32mI (551) wifi:Init static rx buffer size: 1600[0m
[0;32mI (551) wifi:Init static rx buffer num: 10[0m
[0;32mI (551) wifi:Init dynamic rx buffer num: 32[0m
[0;32mI (561) wifi_init: rx ba win: 6[0m
[0;32mI (561) wifi_init: accept mbox: 6[0m
[0;32mI (561) wifi_init: tcpip mbox: 32[0m
[0;32mI (571) wifi_init: udp mbox: 6[0m
[0;32mI (571) wifi_init: tcp mbox: 6[0m
[0;32mI (571) wifi_init: tcp tx win: 5760[0m
[0;32mI (581) wifi_init: tcp rx win: 5760[0m
[0;32mI (581) wifi_init: tcp mss: 1440[0m
[0;32mI (581) wifi_init: WiFi IRAM OP enabled[0m
[0;32mI (581) wifi_init: WiFi RX IRAM OP enabled[0m
[0;32mI (591) phy_init: phy_version 4863,a3a4459,Oct 28 2025,14:30:06[0m
[0;32mI (681) wifi:mode : sta (78:1c:3c:f6:d6:cc)[0m
[0;32mI (681) wifi:enable tsf[0m
[0;32mI (691) ESPNOW: espnow [version: 2.0] init[0m
[0;33mW (741) ESP-NOW: ESP-NOW INITIATED SUCCESSFULLY...[0m
[0;33mW (1011) ESP-NOW: STARTING PAIRING MODE AND REGISTER MAC TASK[0m
[0;32mI (1011) RECEIVE: >> Info: Receive task has been started.[0m
[0;32mI (1511) PAIRING: Broadcast packet sent successfully.[0m
[0;32mI (1511) RECEIVE: >> Info: something landed in queue_esp_now_recv[0m
[0;33mW (1511) RECEIVE: >> Info: New ACK packet received. Sending this mac to register task.[0m
[0;32mI (2511) PAIRING: Broadcast packet sent successfully.[0m
[0;32mI (2511) REGISTER MAC: >> Data in register mac task.[0m
[0;33mW (2511) REGISTER MAC: A new global address has been added: 00 00 00 00 00 00[0m

assert failed: xTaskGenericNotify tasks.c:5909 (xTaskToNotify)


Backtrace: 0x400896ad:0x3ffc9690 0x40089675:0x3ffc96b0 0x40089385:0x3ffc96d0 0x4014e32a:0x3ffc97f0 0x400d91fa:0x3ffc9810 0x4014c606:0x3ffc98a0




ELF file SHA256: d0ff0d508

Rebooting...
ets Jul 29 2019 12:21:46

rst:0xc (SW_CPU_RESET),boot:0x13 (SPI_FAST_FLASH_BOOT)
configsip: 0, SPIWP:0xee
clk_drv:0x00,q_drv:0x00,d_drv:0x00,cs0_drv:0x00,hd_drv:0x00,wp_drv:0x00
mode:DIO, clock div:2
load:0x3fff0040,len:6376
load:0x40078000,len:15900
ho 0 tail 12 room 4
load:0x40080400,len:3920
entry 0x40080644
[0;32mI (29) boot: ESP-IDF v6.1-dev-786-g130fdc7ce7 2nd stage bootloader[0m
[0;32mI (29) boot: compile time Jan 11 2026 13:38:55[0m
[0;32mI (29) boot: Multicore bootloader[0m
[0;32mI (32) boot: chip revision: v3.1[0m
[0;32mI (35) boot.esp32: SPI Speed      : 40MHz[0m
[0;32mI (39) boot.esp32: SPI Mode       : DIO[0m
[0;32mI (42) boot.esp32: SPI Flash Size : 2MB[0m
[0;32mI (46) boot: Enabling RNG early entropy source...[0m
[0;32mI (50) boot: Partition Table:[0m
[0;32mI (53) boot: ## Label            Usage          Type ST Offset   Length[0m
[0;32mI (59) boot:  0 nvs              WiFi data        01 02 00009000 00006000[0m
[0;32mI (66) boot:  1 phy_init         RF data          01 01 0000f000 00001000[0m
[0;32mI (72) boot:  2 factory          factory app      00 00 00010000 00100000[0m
[0;32mI (79) boot: End of partition table[0m
[0;32mI (82) esp_image: segment 0: paddr=00010020 vaddr=3f400020 size=17e74h ( 97908) map[0m
[0;32mI (124) esp_image: segment 1: paddr=00027e9c vaddr=3ffb0000 size=04124h ( 16676) load[0m
[0;32mI (131) esp_image: segment 2: paddr=0002bfc8 vaddr=40080000 size=04050h ( 16464) load[0m
[0;32mI (138) esp_image: segment 3: paddr=00030020 vaddr=400d0020 size=8059ch (525724) map[0m
[0;32mI (326) esp_image: segment 4: paddr=000b05c4 vaddr=40084050 size=113e8h ( 70632) load[0m
[0;32mI (355) esp_image: segment 5: paddr=000c19b4 vaddr=50000000 size=00028h (    40) load[0m
[0;32mI (365) boot: Loaded app from partition at offset 0x10000[0m
[0;32mI (366) boot: Disabling RNG early entropy source...[0m
[0;32mI (376) cpu_start: Multicore app[0m
[0;32mI (384) cpu_start: GPIO 3 and 1 are used as console UART I/O pins[0m
[0;32mI (384) cpu_start: Pro cpu start user code[0m
[0;32mI (384) cpu_start: cpu freq: 160000000 Hz[0m
[0;32mI (386) app_init: Application information:[0m
[0;32mI (390) app_init: Project name:     espnow_conn_test[0m
[0;32mI (395) app_init: App version:      1[0m
[0;32mI (398) app_init: Compile time:     Jan 11 2026 13:34:59[0m
[0;32mI (403) app_init: ELF file SHA256:  d0ff0d508...[0m
[0;32mI (408) app_init: ESP-IDF:          v6.1-dev-786-g130fdc7ce7[0m
[0;32mI (413) efuse_init: Min chip rev:     v0.0[0m
[0;32mI (417) efuse_init: Max chip rev:     v3.99 [0m
[0;32mI (421) efuse_init: Chip rev:         v3.1[0m
[0;32mI (425) heap_init: Initializing. RAM available for dynamic allocation:[0m
[0;32mI (431) heap_init: At 3FFAE6E0 len 00001920 (6 KiB): DRAM[0m
[0;32mI (436) heap_init: At 3FFB8550 len 00027AB0 (158 KiB): DRAM[0m
[0;32mI (441) heap_init: At 3FFE0440 len 00003AE0 (14 KiB): D/IRAM[0m
[0;32mI (447) heap_init: At 3FFE4350 len 0001BCB0 (111 KiB): D/IRAM[0m
[0;32mI (452) heap_init: At 40095438 len 0000ABC8 (42 KiB): IRAM[0m
[0;33mW (459) spi_flash: Detected boya flash chip but using generic driver. For optimal functionality, enable `SPI_FLASH_SUPPORT_BOYA_CHIP` in menuconfig[0m
[0;32mI (470) spi_flash: detected chip: generic[0m
[0;32mI (474) spi_flash: flash io: dio[0m
[0;33mW (477) spi_flash: Detected size(4096k) larger than the size in the binary image header(2048k). Using the size in the binary image header.[0m
[0;32mI (491) main_task: Started on CPU0[0m
[0;32mI (501) main_task: Calling app_main()[0m
Start of main
[0;33mW (501) ESP-NOW: STARTING ESP-NOW...[0m
[0;33mW (511) ESP-NOW: WAITING FOR ESP-NOW TO START[0m
00
[0;32mI (521) wifi:wifi driver task: 3ffc1bb0, prio:23, stack:6656, core=0[0m
[0;32mI (521) wifi:wifi firmware version: 6a8253a[0m
[0;32mI (521) wifi:wifi certification version: v7.0[0m
[0;32mI (521) wifi:config NVS flash: enabled[0m
[0;32mI (521) wifi:config nano formatting: disabled[0m
[0;32mI (531) wifi:Init data frame dynamic rx buffer num: 32[0m
