Command: D:\Espressif\python_env\idf6.1_py3.13_env\Scripts\python.exe D:\Espressif\esp-idf\tools/idf_monitor.py -p COM5 -b 115200 --toolchain-prefix xtensa-esp32-elf- --target esp32 --revision 0 D:\Espressif\workspace\espnow_conn_test\build\espnow_conn_test.elf D:\Espressif\workspace\espnow_conn_test\build\bootloader\bootloader.elf --force-color -m 'D:\Espressif\python_env\idf6.1_py3.13_env\Scripts\python.exe' 'D:\Espressif\esp-idf\tools\idf.py'
0x1 (POWERON_RESET),boot:0x13 (SPI_FAST_FLASH_BOOT)
configsip: 0, SPIWP:0xeï¿½ets Jul 29 2019 12:21:46

rst:0x1 (POWERON_RESET),boot:0x13 (SPI_FAST_FLASH_BOOT)
configsip: 0, SPIWP:0xee
clk_drv:0x00,q_drv:0x00,d_drv:0x00,cs0_drv:0x00,hd_drv:0x00,wp_drv:0x00
mode:DIO, clock div:2
load:0x3fff0040,len:6376
load:0x40078000,len:15900
ho 0 tail 12 room 4
load:0x40080400,len:3920
entry 0x40080644
[0;32mI (29) boot: ESP-IDF v6.1-dev-786-g130fdc7ce7 2nd stage bootloader[0m
[0;32mI (29) boot: compile time Jan 11 2026 13:38:55[0m
[0;32mI (29) boot: Multicore bootloader[0m
[0;32mI (32) boot: chip revision: v3.1[0m
[0;32mI (35) boot.esp32: SPI Speed      : 40MHz[0m
[0;32mI (39) boot.esp32: SPI Mode       : DIO[0m
[0;32mI (42) boot.esp32: SPI Flash Size : 2MB[0m
[0;32mI (46) boot: Enabling RNG early entropy source...[0m
[0;32mI (50) boot: Partition Table:[0m
[0;32mI (53) boot: ## Label            Usage          Type ST Offset   Length[0m
[0;32mI (59) boot:  0 nvs              WiFi data        01 02 00009000 00006000[0m
[0;32mI (66) boot:  1 phy_init         RF data          01 01 0000f000 00001000[0m
[0;32mI (72) boot:  2 factory          factory app      00 00 00010000 00100000[0m
[0;32mI (79) boot: End of partition table[0m
[0;32mI (82) esp_image: segment 0: paddr=00010020 vaddr=3f400020 size=17ea4h ( 97956) map[0m
[0;32mI (124) esp_image: segment 1: paddr=00027ecc vaddr=3ffb0000 size=04124h ( 16676) load[0m
[0;32mI (131) esp_image: segment 2: paddr=0002bff8 vaddr=40080000 size=04020h ( 16416) load[0m
[0;32mI (138) esp_image: segment 3: paddr=00030020 vaddr=400d0020 size=805ach (525740) map[0m
[0;32mI (326) esp_image: segment 4: paddr=000b05d4 vaddr=40084020 size=11418h ( 70680) load[0m
[0;32mI (355) esp_image: segment 5: paddr=000c19f4 vaddr=50000000 size=00028h (    40) load[0m
[0;32mI (366) boot: Loaded app from partition at offset 0x10000[0m
[0;32mI (366) boot: Disabling RNG early entropy source...[0m
[0;32mI (376) cpu_start: Multicore app[0m
[0;32mI (384) cpu_start: GPIO 3 and 1 are used as console UART I/O pins[0m
[0;32mI (385) cpu_start: Pro cpu start user code[0m
[0;32mI (385) cpu_start: cpu freq: 160000000 Hz[0m
[0;32mI (387) app_init: Application information:[0m
[0;32mI (390) app_init: Project name:     espnow_conn_test[0m
[0;32mI (395) app_init: App version:      1[0m
[0;32mI (398) app_init: Compile time:     Jan 11 2026 13:34:59[0m
[0;32mI (403) app_init: ELF file SHA256:  f8ddb0401...[0m
[0;32mI (408) app_init: ESP-IDF:          v6.1-dev-786-g130fdc7ce7[0m
[0;32mI (413) efuse_init: Min chip rev:     v0.0[0m
[0;32mI (417) efuse_init: Max chip rev:     v3.99 [0m
[0;32mI (421) efuse_init: Chip rev:         v3.1[0m
[0;32mI (425) heap_init: Initializing. RAM available for dynamic allocation:[0m
[0;32mI (431) heap_init: At 3FFAE6E0 len 00001920 (6 KiB): DRAM[0m
[0;32mI (436) heap_init: At 3FFB8550 len 00027AB0 (158 KiB): DRAM[0m
[0;32mI (441) heap_init: At 3FFE0440 len 00003AE0 (14 KiB): D/IRAM[0m
[0;32mI (447) heap_init: At 3FFE4350 len 0001BCB0 (111 KiB): D/IRAM[0m
[0;32mI (452) heap_init: At 40095438 len 0000ABC8 (42 KiB): IRAM[0m
[0;33mW (459) spi_flash: Detected boya flash chip but using generic driver. For optimal functionality, enable `SPI_FLASH_SUPPORT_BOYA_CHIP` in menuconfig[0m
[0;32mI (471) spi_flash: detected chip: generic[0m
[0;32mI (474) spi_flash: flash io: dio[0m
[0;33mW (477) spi_flash: Detected size(4096k) larger than the size in the binary image header(2048k). Using the size in the binary image header.[0m
[0;32mI (491) main_task: Started on CPU0[0m
[0;32mI (501) main_task: Calling app_main()[0m
Start of main
[0;33mW (501) ESP-NOW: STARTING ESP-NOW...[0m
00
[0;33mW (511) ESP-NOW: WAITING FOR ESP-NOW TO START[0m
[0;32mI (521) wifi:wifi driver task: 3ffc1bb0, prio:23, stack:6656, core=0[0m
[0;32mI (521) wifi:wifi firmware version: 6a8253a[0m
[0;32mI (521) wifi:wifi certification version: v7.0[0m
[0;32mI (521) wifi:config NVS flash: enabled[0m
[0;32mI (521) wifi:config nano formatting: disabled[0m
[0;32mI (531) wifi:Init data frame dynamic rx buffer num: 32[0m
[0;32mI (531) wifi:Init static rx mgmt buffer num: 5[0m
[0;32mI (541) wifi:Init management short buffer num: 32[0m
[0;32mI (541) wifi:Init dynamic tx buffer num: 32[0m
[0;32mI (551) wifi:Init static rx buffer size: 1600[0m
[0;32mI (551) wifi:Init static rx buffer num: 10[0m
[0;32mI (551) wifi:Init dynamic rx buffer num: 32[0m
[0;32mI (561) wifi_init: rx ba win: 6[0m
[0;32mI (561) wifi_init: accept mbox: 6[0m
[0;32mI (561) wifi_init: tcpip mbox: 32[0m
[0;32mI (571) wifi_init: udp mbox: 6[0m
[0;32mI (571) wifi_init: tcp mbox: 6[0m
[0;32mI (571) wifi_init: tcp tx win: 5760[0m
[0;32mI (581) wifi_init: tcp rx win: 5760[0m
[0;32mI (581) wifi_init: tcp mss: 1440[0m
[0;32mI (581) wifi_init: WiFi IRAM OP enabled[0m
[0;32mI (581) wifi_init: WiFi RX IRAM OP enabled[0m
[0;32mI (591) phy_init: phy_version 4863,a3a4459,Oct 28 2025,14:30:06[0m
[0;32mI (681) wifi:mode : sta (78:1c:3c:f6:d6:cc)[0m
[0;32mI (681) wifi:enable tsf[0m
[0;32mI (681) ESPNOW: espnow [version: 2.0] init[0m
[0;33mW (731) ESP-NOW: >> Info: ESP-NOW initiated successfully![0m
[0;33mW (1011) ESP-NOW: STARTING PAIRING MODE AND REGISTER MAC TASK[0m
[0;32mI (1011) RECEIVE: >> Info: Receive task has been started.[0m
[0;32mI (1511) PAIRING: Broadcast packet sent successfully.[0m
[0;32mI (1511) RECEIVE: >> Info: something landed in queue_esp_now_recv[0m
[0;33mW (1511) RECEIVE: >> Info: New ACK packet received. Sending this mac to register task.[0m
[0;32mI (2511) PAIRING: Broadcast packet sent successfully.[0m
[0;32mI (2511) REGISTER MAC: >> Data in register mac task.[0m
[0;33mW (2511) REGISTER MAC: >> Info: A new global address has been added: DC B4 D9 8D 36 70[0m
[0;32mI (3011) MAIN: >> Info: Received ACK signal. Stating vTask_esp_now_send_data.[0m
11
[0;32mI (3511) PAIRING: Broadcast packet sent successfully.[0m
[0;33mW (3511) SEND DATA: vTask_esp_now_send_data is triggerred![0m
Data sent 135W (3511) PAIRING: EXITING PAIRING PROCESS...
[0;32mI (3511) RECEIVE: >> Info: something landed in queue_esp_now_recv[0m
[0;33mW (3511) SEND DATA: >> Data sent 135[0m
[0;32mI (3521) RECEIVE: >> Info: Data packet received from registered peer.[0m
[0;32mI (3511) main_task: Returned from app_main()[0m
Data sent 6W (4531) SEND DATA: >> Data sent 6
Data sent 4W (5531) SEND DATA: >> Data sent 4
11
Data sent 147W (6531) SEND DATA: >> Data sent 147
Data sent 169W (7531) SEND DATA: >> Data sent 169
Data sent 244W (8531) SEND DATA: >> Data sent 244
11
Data sent 120W (9531) SEND DATA: >> Data sent 120
Data sent 51W (10531) SEND DATA: >> Data sent 51
Data sent 20W (11531) SEND DATA: >> Data sent 20
11
Data sent 143W (12531) SEND DATA: >> Data sent 143
Data sent 25W (13531) SEND DATA: >> Data sent 25
Data sent 137W (14531) SEND DATA: >> Data sent 137
11
Data sent 151W (15531) SEND DATA: >> Data sent 151
Data sent 2W (16531) SEND DATA: >> Data sent 2
Data sent 80W (17531) SEND DATA: >> Data sent 80
11
Data sent 253W (18531) SEND DATA: >> Data sent 253
Data sent 127W (19531) SEND DATA: >> Data sent 127
Data sent 146W (20531) SEND DATA: >> Data sent 146
11
Data sent 173W (21531) SEND DATA: >> Data sent 173
Data sent 127W (22531) SEND DATA: >> Data sent 127
Data sent 115W (23531) SEND DATA: >> Data sent 115
11
Data sent 240W (24531) SEND DATA: >> Data sent 240
Data sent 32W (25531) SEND DATA: >> Data sent 32
Data sent 158W (26531) SEND DATA: >> Data sent 158
11
Data sent 32W (27531) SEND DATA: >> Data sent 32
Data sent 136W (28531) SEND DATA: >> Data sent 136
Data sent 111W (29531) SEND DATA: >> Data sent 111
11
Data sent 217W (30531) SEND DATA: >> Data sent 217
Data sent 52W (31531) SEND DATA: >> Data sent 52
Data sent 2W (32531) SEND DATA: >> Data sent 2
11
Data sent 66W (33531) SEND DATA: >> Data sent 66
Data sent 47W (34531) SEND DATA: >> Data sent 47
Data sent 142W (35531) SEND DATA: >> Data sent 142
11
Data sent 156W (36531) SEND DATA: >> Data sent 156
Data sent 126W (37531) SEND DATA: >> Data sent 126
Data sent 79W (38531) SEND DATA: >> Data sent 79
11
Data sent 35W (39531) SEND DATA: >> Data sent 35
Data sent 198W (40531) SEND DATA: >> Data sent 198
Data sent 210W (41531) SEND DATA: >> Data sent 210
11
Data sent 16W (42531) SEND DATA: >> Data sent 16
Data sent 227W (43531) SEND DATA: >> Data sent 227
Data sent 87W (44531) SEND DATA: >> Data sent 87
11
Data sent 130W (45531) SEND DATA: >> Data sent 130
Data sent 46W (46531) SEND DATA: >> Data sent 46
Data sent 247W (47531) SEND DATA: >> Data sent 247
11
Data sent 20W (48531) SEND DATA: >> Data sent 20
Data sent 16W (49531) SEND DATA: >> Data sent 16
Data sent 24W (50531) SEND DATA: >> Data sent 24
11
Data sent 84W (51531) SEND DATA: >> Data sent 84
Data sent 149W (52531) SEND DATA: >> Data sent 149
Data sent 213W (53531) SEND DATA: >> Data sent 213
11
Data sent 127W (54531) SEND DATA: >> Data sent 127
Data sent 239W (55531) SEND DATA: >> Data sent 239
Data sent 220W (56531) SEND DATA: >> Data sent 220
11
Data sent 166W (57531) SEND DATA: >> Data sent 166
Data sent 147W (58531) SEND DATA: >> Data sent 147
Data sent 227W (59531) SEND DATA: >> Data sent 227
11
Data sent 208W (60531) SEND DATA: >> Data sent 208
Data sent 104W (61531) SEND DATA: >> Data sent 104
Data sent 197W (62531) SEND DATA: >> Data sent 197
11
Data sent 127W (63531) SEND DATA: >> Data sent 127
Data sent 85W (64531) SEND DATA: >> Data sent 85
Data sent 141W (65531) SEND DATA: >> Data sent 141
11
Data sent 2W (66531) SEND DATA: >> Data sent 2
Data sent 217W (67531) SEND DATA: >> Data sent 217
Data sent 114W (68531) SEND DATA: >> Data sent 114
11
Data sent 215W (69531) SEND DATA: >> Data sent 215
Data sent 168W (70531) SEND DATA: >> Data sent 168
Data sent 126W (71531) SEND DATA: >> Data sent 126
11
Data sent 189W (72531) SEND DATA: >> Data sent 189
Data sent 7W (73531) SEND DATA: >> Data sent 7
Data sent 107W (74531) SEND DATA: >> Data sent 107
11
Data sent 104W (75531) SEND DATA: >> Data sent 104
Data sent 174W (76531) SEND DATA: >> Data sent 174
Data sent 231W (77531) SEND DATA: >> Data sent 231
11
Data sent 166W (78531) SEND DATA: >> Data sent 166
Data sent 220W (79531) SEND DATA: >> Data sent 220
Data sent 99W (80531) SEND DATA: >> Data sent 99
11
Data sent 29W (81531) SEND DATA: >> Data sent 29
Data sent 142W (82531) SEND DATA: >> Data sent 142
Data sent 0W (83531) SEND DATA: >> Data sent 0
11
Data sent 231W (84531) SEND DATA: >> Data sent 231
Data sent 190W (85531) SEND DATA: >> Data sent 190
Data sent 31W (86531) SEND DATA: >> Data sent 31
11
Data sent 163W (87531) SEND DATA: >> Data sent 163
Data sent 132W (88531) SEND DATA: >> Data sent 132
Data sent 154W (89531) SEND DATA: >> Data sent 154
11
Data sent 130W (90531) SEND DATA: >> Data sent 130
Data sent 191W (91531) SEND DATA: >> Data sent 191
Data sent 150W (92531) SEND DATA: >> Data sent 150
11
Data sent 246W (93531) SEND DATA: >> Data sent 246
Data sent 2W (94531) SEND DATA: >> Data sent 2
Data sent 152W (95531) SEND DATA: >> Data sent 152
11
Data sent 30W (96531) SEND DATA: >> Data sent 30
Data sent 52W (97531) SEND DATA: >> Data sent 52
Data sent 199W (98531) SEND DATA: >> Data sent 199
11
Data sent 49W (99531) SEND DATA: >> Data sent 49
